prefix=07 wanted=1 extracted=1 missing=0
prefix=0b wanted=1 extracted=1 missing=0
prefix=0g wanted=1 extracted=1 missing=0
prefix=0j wanted=1 extracted=1 missing=0
prefix=0k wanted=1 extracted=1 missing=0
prefix=0m wanted=1 extracted=1 missing=0
prefix=0n wanted=1 extracted=1 missing=0
prefix=1b wanted=1 extracted=1 missing=0
prefix=1a wanted=1 extracted=1 missing=0
prefix=0u wanted=1 extracted=1 missing=0
prefix=0p wanted=14 extracted=14 missing=0
prefix=1d wanted=1 extracted=1 missing=0
prefix=1k wanted=1 extracted=1 missing=0
prefix=1t wanted=3 extracted=3 missing=0
prefix=2g wanted=1 extracted=1 missing=0
prefix=1c wanted=1 extracted=1 missing=0
prefix=2z wanted=1 extracted=1 missing=0
prefix=3c wanted=1 extracted=1 missing=0
prefix=3p wanted=1 extracted=1 missing=0
prefix=3s wanted=1 extracted=1 missing=0
prefix=51 wanted=1 extracted=1 missing=0
prefix=55 wanted=1 extracted=1 missing=0
prefix=5c wanted=1 extracted=1 missing=0
prefix=9a wanted=1 extracted=1 missing=0
prefix=9h wanted=1 extracted=1 missing=0
prefix=3x wanted=1 extracted=1 missing=0
prefix=a1 wanted=30 extracted=30 missing=0
prefix=a0 wanted=46 extracted=46 missing=0
prefix=a3 wanted=43 extracted=43 missing=0
prefix=a4 wanted=43 extracted=43 missing=0
prefix=a6 wanted=40 extracted=40 missing=0
prefix=a7 wanted=38 extracted=38 missing=0
prefix=a5 wanted=44 extracted=44 missing=0
prefix=a9 wanted=44 extracted=44 missing=0
prefix=aa wanted=38 extracted=38 missing=0
prefix=ac wanted=29 extracted=29 missing=0
prefix=ad wanted=37 extracted=37 missing=0
prefix=ab wanted=47 extracted=47 missing=0
prefix=ae wanted=30 extracted=30 missing=0
prefix=ag wanted=40 extracted=40 missing=0
prefix=af wanted=33 extracted=33 missing=0
prefix=ah wanted=45 extracted=45 missing=0
prefix=ai wanted=41 extracted=41 missing=0
prefix=a8 wanted=40 extracted=40 missing=0
prefix=ak wanted=36 extracted=36 missing=0
prefix=am wanted=42 extracted=42 missing=0
prefix=al wanted=28 extracted=28 missing=0
prefix=ao wanted=42 extracted=42 missing=0
prefix=ap wanted=29 extracted=29 missing=0
prefix=a2 wanted=36 extracted=36 missing=0
prefix=aq wanted=47 extracted=47 missing=0
prefix=ar wanted=27 extracted=27 missing=0
prefix=as wanted=30 extracted=30 missing=0
Traceback (most recent call last):
  File "/mnt/HDD0/home/zf25/zhangfan/wwd/PocketTextRetrieval/scripts/download_biolip_receptor_batches.py", line 87, in main
    for future in as_completed(futures):
                  ~~~~~~~~~~~~^^^^^^^^^
  File "/mnt/HDD0/home/zf25/miniconda3/lib/python3.13/concurrent/futures/_base.py", line 243, in as_completed
    waiter.event.wait(wait_timeout)
    ~~~~~~~~~~~~~~~~~^^^^^^^^^^^^^^
  File "/mnt/HDD0/home/zf25/miniconda3/lib/python3.13/threading.py", line 659, in wait
    signaled = self._cond.wait(timeout)
  File "/mnt/HDD0/home/zf25/miniconda3/lib/python3.13/threading.py", line 359, in wait
    waiter.acquire()
    ~~~~~~~~~~~~~~^^
KeyboardInterrupt

During handling of the above exception, another exception occurred:

Traceback (most recent call last):
  File "/mnt/HDD0/home/zf25/zhangfan/wwd/PocketTextRetrieval/scripts/download_biolip_receptor_batches.py", line 96, in <module>
    main()
    ~~~~^^
  File "/mnt/HDD0/home/zf25/zhangfan/wwd/PocketTextRetrieval/scripts/download_biolip_receptor_batches.py", line 85, in main
    with ThreadPoolExecutor(max_workers=max(1, args.workers)) as executor:
         ~~~~~~~~~~~~~~~~~~^^^^^^^^^^^^^^^^^^^^^^^^^^^^^^^^^^
  File "/mnt/HDD0/home/zf25/miniconda3/lib/python3.13/concurrent/futures/_base.py", line 647, in __exit__
    self.shutdown(wait=True)
    ~~~~~~~~~~~~~^^^^^^^^^^^
  File "/mnt/HDD0/home/zf25/miniconda3/lib/python3.13/concurrent/futures/thread.py", line 239, in shutdown
    t.join()
    ~~~~~~^^
  File "/mnt/HDD0/home/zf25/miniconda3/lib/python3.13/threading.py", line 1094, in join
    self._handle.join(timeout)
    ~~~~~~~~~~~~~~~~~^^^^^^^^^
KeyboardInterrupt
