prefix=07 wanted=1 extracted=1 missing=0
prefix=0b wanted=1 extracted=1 missing=0
prefix=0j wanted=1 extracted=1 missing=0
prefix=0g wanted=1 extracted=1 missing=0
prefix=0k wanted=1 extracted=1 missing=0
prefix=0n wanted=1 extracted=1 missing=0
prefix=0m wanted=1 extracted=1 missing=0
prefix=1a wanted=1 extracted=1 missing=0
prefix=1b wanted=1 extracted=1 missing=0
prefix=0u wanted=1 extracted=1 missing=0
prefix=1c wanted=1 extracted=1 missing=0
prefix=0p wanted=14 extracted=14 missing=0
prefix=1d wanted=1 extracted=1 missing=0
prefix=1k wanted=1 extracted=1 missing=0
prefix=3c wanted=1 extracted=1 missing=0
prefix=2z wanted=1 extracted=1 missing=0
prefix=2g wanted=1 extracted=1 missing=0
prefix=3s wanted=1 extracted=1 missing=0
prefix=3p wanted=1 extracted=1 missing=0
prefix=1t wanted=3 extracted=3 missing=0
prefix=51 wanted=1 extracted=1 missing=0
prefix=5c wanted=1 extracted=1 missing=0
prefix=55 wanted=1 extracted=1 missing=0
prefix=9h wanted=1 extracted=1 missing=0
prefix=9a wanted=1 extracted=1 missing=0
prefix=3x wanted=1 extracted=1 missing=0
prefix=a1 wanted=30 extracted=30 missing=0
prefix=a0 wanted=46 extracted=46 missing=0
prefix=a3 wanted=43 extracted=43 missing=0
prefix=a4 wanted=43 extracted=43 missing=0
prefix=a5 wanted=44 extracted=44 missing=0
prefix=a6 wanted=40 extracted=40 missing=0
prefix=a7 wanted=38 extracted=38 missing=0
prefix=a9 wanted=44 extracted=44 missing=0
prefix=aa wanted=38 extracted=38 missing=0
prefix=ac wanted=29 extracted=29 missing=0
prefix=a8 wanted=40 extracted=40 missing=0
prefix=ad wanted=37 extracted=37 missing=0
prefix=ae wanted=30 extracted=30 missing=0
prefix=af wanted=33 extracted=33 missing=0
prefix=ag wanted=40 extracted=40 missing=0
prefix=a2 wanted=36 extracted=36 missing=0
prefix=ah wanted=45 extracted=45 missing=0
prefix=aj wanted=31 extracted=31 missing=0
prefix=ai wanted=41 extracted=41 missing=0
prefix=ak wanted=36 extracted=36 missing=0
prefix=al wanted=28 extracted=28 missing=0
prefix=ao wanted=42 extracted=42 missing=0
prefix=ap wanted=29 extracted=29 missing=0
prefix=ab wanted=47 extracted=47 missing=0
prefix=aq wanted=47 extracted=47 missing=0
prefix=ar wanted=27 extracted=27 missing=0
prefix=am wanted=42 extracted=42 missing=0
prefix=at wanted=28 extracted=28 missing=0
prefix=as wanted=30 extracted=30 missing=0
prefix=av wanted=25 extracted=25 missing=0
prefix=an wanted=30 extracted=30 missing=0
prefix=au wanted=38 extracted=38 missing=0
prefix=aw wanted=37 extracted=37 missing=0
prefix=ay wanted=47 extracted=47 missing=0
prefix=ax wanted=38 extracted=38 missing=0
prefix=b1 wanted=48 extracted=48 missing=0
prefix=b3 wanted=31 extracted=31 missing=0
prefix=b2 wanted=41 extracted=41 missing=0
prefix=az wanted=30 extracted=30 missing=0
prefix=b5 wanted=37 extracted=37 missing=0
prefix=b0 wanted=40 extracted=40 missing=0
prefix=b6 wanted=61 extracted=61 missing=0
prefix=b8 wanted=35 extracted=35 missing=0
prefix=b7 wanted=52 extracted=52 missing=0
prefix=ba wanted=34 extracted=34 missing=0
prefix=b9 wanted=48 extracted=48 missing=0
prefix=bb wanted=40 extracted=40 missing=0
prefix=bc wanted=38 extracted=38 missing=0
prefix=bf wanted=29 extracted=29 missing=0
prefix=b4 wanted=51 extracted=51 missing=0
prefix=be wanted=36 extracted=36 missing=0
prefix=bi wanted=33 extracted=33 missing=0
prefix=bj wanted=45 extracted=45 missing=0
prefix=bd wanted=34 extracted=34 missing=0
prefix=bg wanted=38 extracted=38 missing=0
prefix=bl wanted=35 extracted=35 missing=0
prefix=bm wanted=28 extracted=28 missing=0
prefix=bh wanted=34 extracted=34 missing=0
prefix=bk wanted=51 extracted=51 missing=0
prefix=bp wanted=44 extracted=44 missing=0
prefix=bn wanted=26 extracted=26 missing=0
prefix=bq wanted=41 extracted=41 missing=0
prefix=br wanted=40 extracted=40 missing=0
prefix=bo wanted=39 extracted=39 missing=0
prefix=bu wanted=39 extracted=39 missing=0
prefix=bs wanted=31 extracted=31 missing=0
prefix=bt wanted=41 extracted=41 missing=0
prefix=bx wanted=37 extracted=37 missing=0
prefix=by wanted=31 extracted=31 missing=0
prefix=c0 wanted=53 extracted=53 missing=0
prefix=bz wanted=29 extracted=29 missing=0
prefix=bw wanted=46 extracted=46 missing=0
prefix=c2 wanted=50 extracted=50 missing=0
prefix=c3 wanted=57 extracted=57 missing=0
prefix=c4 wanted=44 extracted=44 missing=0
prefix=c5 wanted=46 extracted=46 missing=0
prefix=c6 wanted=33 extracted=33 missing=0
prefix=c7 wanted=41 extracted=41 missing=0
prefix=c8 wanted=41 extracted=41 missing=0
prefix=bv wanted=47 extracted=47 missing=0
prefix=c1 wanted=35 extracted=35 missing=0
prefix=cb wanted=40 extracted=40 missing=0
prefix=cc wanted=38 extracted=38 missing=0
prefix=cd wanted=38 extracted=38 missing=0
prefix=ca wanted=29 extracted=29 missing=0
prefix=cf wanted=35 extracted=35 missing=0
prefix=c9 wanted=55 extracted=55 missing=0
prefix=ch wanted=36 extracted=36 missing=0
prefix=ci wanted=45 extracted=45 missing=0
prefix=cg wanted=41 extracted=41 missing=0
prefix=cj wanted=34 extracted=34 missing=0
prefix=ck wanted=42 extracted=42 missing=0
prefix=cn wanted=30 extracted=30 missing=0
prefix=ce wanted=33 extracted=33 missing=0
prefix=co wanted=34 extracted=34 missing=0
prefix=cm wanted=34 extracted=34 missing=0
prefix=cq wanted=24 extracted=24 missing=0
prefix=cs wanted=45 extracted=45 missing=0
prefix=ct wanted=31 extracted=31 missing=0
prefix=cr wanted=31 extracted=31 missing=0
prefix=cl wanted=33 extracted=33 missing=0
prefix=cw wanted=29 extracted=29 missing=0
prefix=cx wanted=40 extracted=40 missing=0
prefix=cv wanted=38 extracted=38 missing=0
prefix=cp wanted=24 extracted=24 missing=0
prefix=cu wanted=34 extracted=34 missing=0
prefix=d1 wanted=32 extracted=32 missing=0
prefix=d2 wanted=34 extracted=34 missing=0
prefix=cy wanted=40 extracted=40 missing=0
prefix=cz wanted=38 extracted=38 missing=0
prefix=d4 wanted=41 extracted=41 missing=0
prefix=d6 wanted=28 extracted=28 missing=0
prefix=d7 wanted=38 extracted=38 missing=0
prefix=d5 wanted=26 extracted=26 missing=0
prefix=d8 wanted=34 extracted=34 missing=0
prefix=d0 wanted=40 extracted=40 missing=0
prefix=d9 wanted=23 extracted=23 missing=0
prefix=db wanted=40 extracted=40 missing=0
prefix=d3 wanted=38 extracted=38 missing=0
prefix=dd wanted=33 extracted=33 missing=0
prefix=de wanted=45 extracted=45 missing=0
prefix=da wanted=34 extracted=34 missing=0
prefix=df wanted=41 extracted=41 missing=0
prefix=dc wanted=38 extracted=38 missing=0
prefix=dj wanted=32 extracted=32 missing=0
prefix=dk wanted=34 extracted=34 missing=0
prefix=dl wanted=33 extracted=33 missing=0
prefix=dg wanted=29 extracted=29 missing=0
prefix=dm wanted=37 extracted=37 missing=0
prefix=di wanted=28 extracted=28 missing=0
prefix=dn wanted=31 extracted=31 missing=0
prefix=dq wanted=44 extracted=44 missing=0
prefix=dp wanted=23 extracted=23 missing=0
prefix=ds wanted=21 extracted=21 missing=0
prefix=dh wanted=38 extracted=38 missing=0
prefix=do wanted=32 extracted=32 missing=0
prefix=dr wanted=31 extracted=31 missing=0
prefix=dv wanted=34 extracted=34 missing=0
prefix=dx wanted=37 extracted=37 missing=0
prefix=dw wanted=41 extracted=41 missing=0
prefix=dz wanted=40 extracted=40 missing=0
prefix=e0 wanted=25 extracted=25 missing=0
prefix=e1 wanted=44 extracted=44 missing=0
prefix=dt wanted=44 extracted=44 missing=0
prefix=e3 wanted=38 extracted=38 missing=0
prefix=du wanted=38 extracted=38 missing=0
prefix=e5 wanted=40 extracted=40 missing=0
prefix=dy wanted=33 extracted=33 missing=0
prefix=e6 wanted=49 extracted=49 missing=0
prefix=e8 wanted=26 extracted=26 missing=0
prefix=e4 wanted=34 extracted=34 missing=0
prefix=ea wanted=30 extracted=30 missing=0
prefix=e2 wanted=36 extracted=36 missing=0
prefix=e7 wanted=61 extracted=61 missing=0
prefix=eb wanted=35 extracted=35 missing=0
prefix=e9 wanted=42 extracted=42 missing=0
prefix=ed wanted=29 extracted=29 missing=0
prefix=ef wanted=39 extracted=39 missing=0
prefix=eh wanted=38 extracted=38 missing=0
prefix=ee wanted=35 extracted=35 missing=0
prefix=eg wanted=49 extracted=49 missing=0
prefix=ec wanted=37 extracted=37 missing=0
prefix=ek wanted=30 extracted=30 missing=0
prefix=ej wanted=37 extracted=37 missing=0
prefix=el wanted=27 extracted=27 missing=0
prefix=em wanted=31 extracted=31 missing=0
prefix=eo wanted=33 extracted=33 missing=0
prefix=en wanted=25 extracted=25 missing=0
prefix=ep wanted=41 extracted=41 missing=0
prefix=eq wanted=41 extracted=41 missing=0
prefix=et wanted=30 extracted=30 missing=0
prefix=er wanted=44 extracted=44 missing=0
prefix=es wanted=54 extracted=54 missing=0
prefix=ei wanted=41 extracted=41 missing=0
prefix=ew wanted=40 extracted=40 missing=0
prefix=ex wanted=49 extracted=49 missing=0
prefix=ez wanted=40 extracted=40 missing=0
prefix=ev wanted=29 extracted=29 missing=0
prefix=f0 wanted=31 extracted=31 missing=0
prefix=ey wanted=42 extracted=42 missing=0
prefix=f1 wanted=39 extracted=39 missing=0
prefix=f3 wanted=38 extracted=38 missing=0
prefix=f2 wanted=35 extracted=35 missing=0
prefix=f4 wanted=35 extracted=35 missing=0
prefix=eu wanted=38 extracted=38 missing=0
prefix=f5 wanted=44 extracted=44 missing=0
prefix=f9 wanted=38 extracted=38 missing=0
prefix=f8 wanted=30 extracted=30 missing=0
prefix=fb wanted=33 extracted=33 missing=0
prefix=fa wanted=43 extracted=43 missing=0
prefix=f6 wanted=30 extracted=30 missing=0
prefix=fd wanted=28 extracted=28 missing=0
prefix=fe wanted=35 extracted=35 missing=0
prefix=f7 wanted=41 extracted=41 missing=0
prefix=fc wanted=37 extracted=37 missing=0
prefix=fh wanted=48 extracted=48 missing=0
prefix=fg wanted=34 extracted=34 missing=0
prefix=fj wanted=26 extracted=26 missing=0
prefix=fk wanted=30 extracted=30 missing=0
prefix=fi wanted=46 extracted=46 missing=0
prefix=fl wanted=27 extracted=27 missing=0
prefix=fn wanted=28 extracted=28 missing=0
prefix=fo wanted=36 extracted=36 missing=0
prefix=fm wanted=34 extracted=34 missing=0
prefix=fp wanted=22 extracted=22 missing=0
prefix=fr wanted=36 extracted=36 missing=0
prefix=fq wanted=28 extracted=28 missing=0
prefix=ft wanted=28 extracted=28 missing=0
prefix=fs wanted=33 extracted=33 missing=0
prefix=fu wanted=29 extracted=29 missing=0
prefix=fx wanted=36 extracted=36 missing=0
prefix=fv wanted=27 extracted=27 missing=0
prefix=fw wanted=20 extracted=20 missing=0
prefix=fy wanted=27 extracted=27 missing=0
prefix=ff wanted=33 extracted=33 missing=0
prefix=fz wanted=40 extracted=40 missing=0
prefix=g1 wanted=23 extracted=23 missing=0
prefix=g2 wanted=28 extracted=28 missing=0
prefix=g3 wanted=24 extracted=24 missing=0
prefix=g5 wanted=33 extracted=33 missing=0
prefix=g6 wanted=30 extracted=30 missing=0
prefix=g4 wanted=31 extracted=31 missing=0
prefix=g8 wanted=32 extracted=32 missing=0
prefix=g9 wanted=24 extracted=24 missing=0
prefix=ga wanted=31 extracted=31 missing=0
prefix=gb wanted=15 extracted=15 missing=0
prefix=gc wanted=36 extracted=36 missing=0
prefix=ge wanted=30 extracted=30 missing=0
prefix=gd wanted=25 extracted=25 missing=0
prefix=gf wanted=20 extracted=20 missing=0
prefix=gg wanted=27 extracted=27 missing=0
prefix=g7 wanted=26 extracted=26 missing=0
prefix=gi wanted=26 extracted=26 missing=0
prefix=g0 wanted=30 extracted=30 missing=0
prefix=gk wanted=35 extracted=35 missing=0
prefix=gj wanted=24 extracted=24 missing=0
prefix=gn wanted=35 extracted=35 missing=0
prefix=gm wanted=36 extracted=36 missing=0
prefix=gp wanted=38 extracted=38 missing=0
prefix=gq wanted=36 extracted=36 missing=0
prefix=gr wanted=39 extracted=39 missing=0
prefix=gh wanted=18 extracted=18 missing=0
prefix=gs wanted=34 extracted=34 missing=0
prefix=gt wanted=28 extracted=28 missing=0
prefix=gl wanted=38 extracted=38 missing=0
prefix=gw wanted=34 extracted=34 missing=0
prefix=gx wanted=32 extracted=32 missing=0
prefix=gu wanted=41 extracted=41 missing=0
prefix=gz wanted=39 extracted=39 missing=0
prefix=go wanted=35 extracted=35 missing=0
prefix=gv wanted=34 extracted=34 missing=0
prefix=h2 wanted=33 extracted=33 missing=0
prefix=h1 wanted=49 extracted=49 missing=0
prefix=h3 wanted=38 extracted=38 missing=0
prefix=h5 wanted=32 extracted=32 missing=0
prefix=h4 wanted=41 extracted=41 missing=0
prefix=h6 wanted=35 extracted=35 missing=0
prefix=h0 wanted=36 extracted=36 missing=0
prefix=h8 wanted=26 extracted=26 missing=0
prefix=h7 wanted=37 extracted=37 missing=0
prefix=hb wanted=24 extracted=24 missing=0
prefix=hc wanted=27 extracted=27 missing=0
prefix=h9 wanted=26 extracted=26 missing=0
prefix=he wanted=27 extracted=27 missing=0
prefix=hf wanted=32 extracted=32 missing=0
prefix=hd wanted=36 extracted=36 missing=0
prefix=hg wanted=33 extracted=33 missing=0
prefix=hh wanted=29 extracted=29 missing=0
prefix=gy wanted=56 extracted=56 missing=0
prefix=ha wanted=28 extracted=28 missing=0
prefix=hk wanted=28 extracted=28 missing=0
prefix=hi wanted=27 extracted=27 missing=0
prefix=hl wanted=27 extracted=27 missing=0
prefix=hm wanted=28 extracted=28 missing=0
prefix=hn wanted=36 extracted=36 missing=0
prefix=hp wanted=25 extracted=25 missing=0
prefix=hq wanted=36 extracted=36 missing=0
prefix=ho wanted=15 extracted=15 missing=0
prefix=hs wanted=24 extracted=24 missing=0
prefix=hu wanted=32 extracted=32 missing=0
prefix=ht wanted=44 extracted=44 missing=0
prefix=hj wanted=37 extracted=37 missing=0
prefix=hw wanted=35 extracted=35 missing=0
prefix=hr wanted=36 extracted=36 missing=0
prefix=hv wanted=24 extracted=24 missing=0
prefix=hx wanted=34 extracted=34 missing=0
prefix=hy wanted=38 extracted=38 missing=0
prefix=i0 wanted=35 extracted=35 missing=0
prefix=i2 wanted=30 extracted=30 missing=0
prefix=i3 wanted=27 extracted=27 missing=0
prefix=i5 wanted=33 extracted=33 missing=0
prefix=i4 wanted=40 extracted=40 missing=0
prefix=hz wanted=34 extracted=34 missing=0
prefix=i7 wanted=31 extracted=31 missing=0
prefix=i6 wanted=19 extracted=19 missing=0
prefix=i9 wanted=34 extracted=34 missing=0
prefix=ia wanted=40 extracted=40 missing=0
prefix=ib wanted=32 extracted=32 missing=0
prefix=i8 wanted=22 extracted=22 missing=0
prefix=id wanted=24 extracted=24 missing=0
prefix=ic wanted=30 extracted=30 missing=0
prefix=ie wanted=23 extracted=23 missing=0
prefix=ih wanted=29 extracted=29 missing=0
prefix=ig wanted=36 extracted=36 missing=0
prefix=i1 wanted=33 extracted=33 missing=0
prefix=ik wanted=25 extracted=25 missing=0
prefix=il wanted=31 extracted=31 missing=0
prefix=ij wanted=36 extracted=36 missing=0
prefix=if wanted=41 extracted=41 missing=0
prefix=im wanted=35 extracted=35 missing=0
prefix=in wanted=34 extracted=34 missing=0
prefix=io wanted=29 extracted=29 missing=0
prefix=iq wanted=34 extracted=34 missing=0
prefix=ii wanted=39 extracted=39 missing=0
prefix=is wanted=38 extracted=38 missing=0
prefix=ip wanted=20 extracted=20 missing=0
prefix=ir wanted=41 extracted=41 missing=0
prefix=iv wanted=29 extracted=29 missing=0
prefix=iu wanted=48 extracted=48 missing=0
prefix=iw wanted=41 extracted=41 missing=0
prefix=iz wanted=29 extracted=29 missing=0
prefix=ix wanted=37 extracted=37 missing=0
prefix=iy wanted=27 extracted=27 missing=0
prefix=it wanted=35 extracted=35 missing=0
prefix=j1 wanted=30 extracted=30 missing=0
prefix=j2 wanted=25 extracted=25 missing=0
prefix=j3 wanted=28 extracted=28 missing=0
prefix=j5 wanted=34 extracted=34 missing=0
prefix=j6 wanted=36 extracted=36 missing=0
prefix=j7 wanted=27 extracted=27 missing=0
prefix=j8 wanted=20 extracted=20 missing=0
prefix=j4 wanted=27 extracted=27 missing=0
prefix=ja wanted=33 extracted=33 missing=0
prefix=j9 wanted=21 extracted=21 missing=0
prefix=jc wanted=25 extracted=25 missing=0
prefix=jd wanted=29 extracted=29 missing=0
prefix=j0 wanted=32 extracted=32 missing=0
prefix=jf wanted=26 extracted=26 missing=0
prefix=jh wanted=17 extracted=17 missing=0
prefix=je wanted=27 extracted=27 missing=0
prefix=jj wanted=67 extracted=67 missing=0
prefix=jg wanted=27 extracted=27 missing=0
prefix=jb wanted=26 extracted=26 missing=0
prefix=jl wanted=31 extracted=31 missing=0
prefix=jn wanted=26 extracted=26 missing=0
prefix=jm wanted=33 extracted=33 missing=0
prefix=jp wanted=27 extracted=27 missing=0
prefix=jq wanted=26 extracted=26 missing=0
prefix=ji wanted=41 extracted=41 missing=0
prefix=jk wanted=33 extracted=33 missing=0
prefix=jt wanted=22 extracted=22 missing=0
prefix=jo wanted=30 extracted=30 missing=0
prefix=jv wanted=27 extracted=27 missing=0
prefix=ju wanted=27 extracted=27 missing=0
prefix=jr wanted=34 extracted=34 missing=0
prefix=js wanted=30 extracted=30 missing=0
prefix=jw wanted=29 extracted=29 missing=0
prefix=jy wanted=26 extracted=26 missing=0
prefix=jz wanted=39 extracted=39 missing=0
prefix=k0 wanted=27 extracted=27 missing=0
prefix=k1 wanted=33 extracted=33 missing=0
prefix=jx wanted=18 extracted=18 missing=0
prefix=k4 wanted=22 extracted=22 missing=0
prefix=k5 wanted=28 extracted=28 missing=0
prefix=k2 wanted=34 extracted=34 missing=0
prefix=k7 wanted=30 extracted=30 missing=0
prefix=k9 wanted=23 extracted=23 missing=0
prefix=ka wanted=22 extracted=22 missing=0
prefix=kb wanted=27 extracted=27 missing=0
prefix=k8 wanted=29 extracted=29 missing=0
prefix=kd wanted=36 extracted=36 missing=0
prefix=kc wanted=41 extracted=41 missing=0
prefix=k6 wanted=38 extracted=38 missing=0
prefix=kf wanted=24 extracted=24 missing=0
prefix=ke wanted=25 extracted=25 missing=0
prefix=kh wanted=32 extracted=32 missing=0
prefix=ki wanted=45 extracted=45 missing=0
prefix=kj wanted=18 extracted=18 missing=0
prefix=kl wanted=24 extracted=24 missing=0
prefix=k3 wanted=30 extracted=30 missing=0
prefix=km wanted=25 extracted=25 missing=0
prefix=kn wanted=26 extracted=26 missing=0
prefix=ko wanted=40 extracted=40 missing=0
prefix=kq wanted=56 extracted=56 missing=0
prefix=kr wanted=26 extracted=26 missing=0
prefix=kk wanted=20 extracted=20 missing=0
prefix=kg wanted=21 extracted=21 missing=0
prefix=kp wanted=37 extracted=37 missing=0
prefix=kv wanted=25 extracted=25 missing=0
prefix=kw wanted=30 extracted=30 missing=0
prefix=kx wanted=20 extracted=20 missing=0
prefix=kt wanted=28 extracted=28 missing=0
prefix=ky wanted=29 extracted=29 missing=0
prefix=ku wanted=19 extracted=19 missing=0
prefix=l0 wanted=22 extracted=22 missing=0
prefix=l1 wanted=26 extracted=26 missing=0
prefix=l2 wanted=19 extracted=19 missing=0
prefix=l3 wanted=18 extracted=18 missing=0
prefix=kz wanted=36 extracted=36 missing=0
prefix=l6 wanted=19 extracted=19 missing=0
prefix=ks wanted=40 extracted=40 missing=0
prefix=l7 wanted=31 extracted=31 missing=0
prefix=l5 wanted=32 extracted=32 missing=0
prefix=l4 wanted=21 extracted=21 missing=0
prefix=l8 wanted=33 extracted=33 missing=0
prefix=l9 wanted=23 extracted=23 missing=0
prefix=lc wanted=18 extracted=18 missing=0
prefix=lb wanted=18 extracted=18 missing=0
prefix=ld wanted=24 extracted=24 missing=0
prefix=le wanted=22 extracted=22 missing=0
prefix=lf wanted=24 extracted=24 missing=0
prefix=lh wanted=23 extracted=23 missing=0
prefix=lg wanted=20 extracted=20 missing=0
prefix=lj wanted=24 extracted=24 missing=0
prefix=la wanted=24 extracted=24 missing=0
prefix=ll wanted=30 extracted=30 missing=0
prefix=lm wanted=23 extracted=23 missing=0
prefix=li wanted=19 extracted=19 missing=0
prefix=lo wanted=30 extracted=30 missing=0
prefix=lq wanted=29 extracted=29 missing=0
prefix=lk wanted=31 extracted=31 missing=0
prefix=ls wanted=27 extracted=27 missing=0
prefix=lp wanted=20 extracted=20 missing=0
prefix=lt wanted=29 extracted=29 missing=0
prefix=ln wanted=29 extracted=29 missing=0
prefix=lv wanted=30 extracted=30 missing=0
prefix=lr wanted=26 extracted=26 missing=0
prefix=lu wanted=30 extracted=30 missing=0
prefix=lz wanted=15 extracted=15 missing=0
prefix=ly wanted=24 extracted=24 missing=0
prefix=lx wanted=24 extracted=24 missing=0
prefix=lw wanted=24 extracted=24 missing=0
prefix=m0 wanted=22 extracted=22 missing=0
prefix=m4 wanted=39 extracted=39 missing=0
prefix=m2 wanted=16 extracted=16 missing=0
prefix=m5 wanted=25 extracted=25 missing=0
prefix=m6 wanted=22 extracted=22 missing=0
prefix=m3 wanted=22 extracted=22 missing=0
prefix=m8 wanted=27 extracted=27 missing=0
prefix=m1 wanted=37 extracted=37 missing=0
prefix=m7 wanted=25 extracted=25 missing=0
prefix=m9 wanted=15 extracted=15 missing=0
prefix=ma wanted=20 extracted=20 missing=0
prefix=me wanted=25 extracted=25 missing=0
prefix=mb wanted=19 extracted=19 missing=0
prefix=mc wanted=22 extracted=22 missing=0
prefix=mh wanted=20 extracted=20 missing=0
prefix=mf wanted=29 extracted=29 missing=0
prefix=mj wanted=23 extracted=23 missing=0
prefix=mk wanted=26 extracted=26 missing=0
prefix=ml wanted=25 extracted=25 missing=0
prefix=mi wanted=25 extracted=25 missing=0
prefix=mn wanted=18 extracted=18 missing=0
prefix=md wanted=21 extracted=21 missing=0
prefix=mo wanted=20 extracted=20 missing=0
prefix=mg wanted=27 extracted=27 missing=0
prefix=mp wanted=25 extracted=25 missing=0
prefix=ms wanted=30 extracted=30 missing=0
prefix=mt wanted=20 extracted=20 missing=0
prefix=mm wanted=20 extracted=20 missing=0
prefix=mr wanted=20 extracted=20 missing=0
prefix=mw wanted=18 extracted=18 missing=0
prefix=mx wanted=20 extracted=20 missing=0
prefix=my wanted=29 extracted=29 missing=0
prefix=mu wanted=22 extracted=22 missing=0
prefix=n0 wanted=28 extracted=28 missing=0
prefix=mv wanted=15 extracted=15 missing=0
prefix=n1 wanted=26 extracted=26 missing=0
prefix=n2 wanted=34 extracted=34 missing=0
prefix=n3 wanted=15 extracted=15 missing=0
prefix=mz wanted=19 extracted=19 missing=0
prefix=n6 wanted=25 extracted=25 missing=0
prefix=mq wanted=27 extracted=27 missing=0
prefix=n7 wanted=24 extracted=24 missing=0
prefix=n5 wanted=26 extracted=26 missing=0
prefix=na wanted=23 extracted=23 missing=0
prefix=n4 wanted=14 extracted=14 missing=0
prefix=nc wanted=27 extracted=27 missing=0
prefix=nb wanted=30 extracted=30 missing=0
prefix=nd wanted=22 extracted=22 missing=0
prefix=n8 wanted=21 extracted=21 missing=0
prefix=ne wanted=29 extracted=29 missing=0
prefix=ng wanted=14 extracted=14 missing=0
prefix=nh wanted=22 extracted=22 missing=0
prefix=ni wanted=19 extracted=19 missing=0
prefix=nf wanted=31 extracted=31 missing=0
prefix=nk wanted=22 extracted=22 missing=0
prefix=nl wanted=21 extracted=21 missing=0
prefix=nm wanted=15 extracted=15 missing=0
prefix=nn wanted=29 extracted=29 missing=0
prefix=no wanted=25 extracted=25 missing=0
prefix=nq wanted=22 extracted=22 missing=0
prefix=n9 wanted=21 extracted=21 missing=0
prefix=nj wanted=31 extracted=31 missing=0
prefix=ns wanted=23 extracted=23 missing=0
prefix=nt wanted=25 extracted=25 missing=0
prefix=np wanted=24 extracted=24 missing=0
prefix=nv wanted=28 extracted=28 missing=0
prefix=nu wanted=24 extracted=24 missing=0
prefix=nw wanted=26 extracted=26 missing=0
prefix=nx wanted=27 extracted=27 missing=0
prefix=nz wanted=21 extracted=21 missing=0
prefix=nr wanted=209 extracted=34 missing=175
prefix=o0 wanted=37 extracted=37 missing=0
prefix=o1 wanted=30 extracted=30 missing=0
prefix=o2 wanted=23 extracted=23 missing=0
prefix=o4 wanted=22 extracted=22 missing=0
prefix=o5 wanted=28 extracted=28 missing=0
prefix=o6 wanted=34 extracted=34 missing=0
prefix=o7 wanted=24 extracted=24 missing=0
prefix=o8 wanted=30 extracted=30 missing=0
prefix=ny wanted=23 extracted=23 missing=0
prefix=o3 wanted=24 extracted=24 missing=0
prefix=o9 wanted=29 extracted=29 missing=0
prefix=od wanted=37 extracted=37 missing=0
prefix=oa wanted=35 extracted=35 missing=0
prefix=oc wanted=30 extracted=30 missing=0
prefix=ob wanted=32 extracted=32 missing=0
prefix=oh wanted=40 extracted=40 missing=0
prefix=oi wanted=37 extracted=37 missing=0
prefix=oj wanted=46 extracted=46 missing=0
prefix=of wanted=42 extracted=42 missing=0
prefix=oe wanted=27 extracted=27 missing=0
prefix=ok wanted=43 extracted=43 missing=0
prefix=og wanted=28 extracted=28 missing=0
prefix=on wanted=33 extracted=33 missing=0
prefix=oo wanted=32 extracted=32 missing=0
prefix=op wanted=22 extracted=22 missing=0
prefix=or wanted=30 extracted=30 missing=0
prefix=os wanted=25 extracted=25 missing=0
prefix=ot wanted=30 extracted=30 missing=0
prefix=oq wanted=23 extracted=23 missing=0
prefix=om wanted=24 extracted=24 missing=0
prefix=ou wanted=34 extracted=34 missing=0
prefix=ow wanted=31 extracted=31 missing=0
prefix=ol wanted=46 extracted=46 missing=0
prefix=ov wanted=33 extracted=33 missing=0
prefix=oz wanted=31 extracted=31 missing=0
prefix=oy wanted=33 extracted=33 missing=0
prefix=p1 wanted=25 extracted=25 missing=0
prefix=p3 wanted=17 extracted=17 missing=0
prefix=p2 wanted=32 extracted=32 missing=0
prefix=p4 wanted=35 extracted=35 missing=0
prefix=p6 wanted=21 extracted=21 missing=0
prefix=p7 wanted=18 extracted=18 missing=0
prefix=ox wanted=34 extracted=34 missing=0
prefix=p0 wanted=32 extracted=32 missing=0
prefix=pa wanted=26 extracted=26 missing=0
prefix=p9 wanted=25 extracted=25 missing=0
prefix=pb wanted=20 extracted=20 missing=0
prefix=p8 wanted=27 extracted=27 missing=0
prefix=pe wanted=24 extracted=24 missing=0
prefix=pc wanted=19 extracted=19 missing=0
prefix=pf wanted=31 extracted=31 missing=0
prefix=pg wanted=28 extracted=28 missing=0
prefix=pd wanted=33 extracted=33 missing=0
prefix=ph wanted=19 extracted=19 missing=0
prefix=pj wanted=19 extracted=19 missing=0
prefix=pl wanted=26 extracted=26 missing=0
prefix=pk wanted=21 extracted=21 missing=0
prefix=pm wanted=29 extracted=29 missing=0
prefix=pn wanted=35 extracted=35 missing=0
prefix=pi wanted=30 extracted=30 missing=0
prefix=po wanted=34 extracted=34 missing=0
prefix=pr wanted=19 extracted=19 missing=0
prefix=p5 wanted=32 extracted=32 missing=0
prefix=ps wanted=23 extracted=23 missing=0
prefix=pt wanted=24 extracted=24 missing=0
prefix=pu wanted=25 extracted=25 missing=0
prefix=pw wanted=26 extracted=26 missing=0
prefix=pp wanted=28 extracted=28 missing=0
prefix=pq wanted=20 extracted=20 missing=0
prefix=px wanted=30 extracted=30 missing=0
prefix=pz wanted=31 extracted=31 missing=0
prefix=q1 wanted=30 extracted=30 missing=0
prefix=q2 wanted=36 extracted=36 missing=0
prefix=q0 wanted=27 extracted=27 missing=0
prefix=q4 wanted=21 extracted=21 missing=0
prefix=py wanted=38 extracted=38 missing=0
prefix=q3 wanted=37 extracted=37 missing=0
prefix=pv wanted=37 extracted=37 missing=0
prefix=q7 wanted=19 extracted=19 missing=0
prefix=q9 wanted=34 extracted=34 missing=0
prefix=q5 wanted=28 extracted=28 missing=0
prefix=q6 wanted=30 extracted=30 missing=0
prefix=qa wanted=26 extracted=26 missing=0
prefix=qb wanted=34 extracted=34 missing=0
prefix=qd wanted=32 extracted=32 missing=0
prefix=qe wanted=42 extracted=42 missing=0
prefix=q8 wanted=35 extracted=35 missing=0
prefix=qc wanted=24 extracted=24 missing=0
prefix=qg wanted=23 extracted=23 missing=0
prefix=qj wanted=24 extracted=24 missing=0
prefix=qk wanted=17 extracted=17 missing=0
prefix=qi wanted=17 extracted=17 missing=0
prefix=qf wanted=31 extracted=31 missing=0
prefix=qn wanted=22 extracted=22 missing=0
prefix=qm wanted=25 extracted=25 missing=0
prefix=qh wanted=44 extracted=44 missing=0
prefix=qp wanted=41 extracted=41 missing=0
prefix=qo wanted=22 extracted=22 missing=0
prefix=qs wanted=25 extracted=25 missing=0
prefix=qq wanted=29 extracted=29 missing=0
prefix=ql wanted=20 extracted=20 missing=0
prefix=qr wanted=28 extracted=28 missing=0
prefix=qu wanted=25 extracted=25 missing=0
prefix=qw wanted=19 extracted=19 missing=0
prefix=qx wanted=24 extracted=24 missing=0
prefix=qy wanted=20 extracted=20 missing=0
prefix=qv wanted=31 extracted=31 missing=0
prefix=r1 wanted=28 extracted=28 missing=0
prefix=r2 wanted=37 extracted=37 missing=0
prefix=qz wanted=24 extracted=24 missing=0
prefix=qt wanted=29 extracted=29 missing=0
prefix=r4 wanted=34 extracted=34 missing=0
prefix=r5 wanted=35 extracted=35 missing=0
prefix=r3 wanted=34 extracted=34 missing=0
prefix=r7 wanted=35 extracted=35 missing=0
prefix=r9 wanted=22 extracted=22 missing=0
prefix=r8 wanted=25 extracted=25 missing=0
prefix=ra wanted=26 extracted=26 missing=0
prefix=rb wanted=15 extracted=15 missing=0
prefix=rc wanted=26 extracted=26 missing=0
prefix=r6 wanted=38 extracted=38 missing=0
prefix=re wanted=23 extracted=23 missing=0
prefix=rf wanted=30 extracted=30 missing=0
prefix=rg wanted=33 extracted=33 missing=0
prefix=r0 wanted=30 extracted=30 missing=0
prefix=ri wanted=32 extracted=32 missing=0
prefix=rj wanted=29 extracted=29 missing=0
prefix=rd wanted=33 extracted=33 missing=0
prefix=rl wanted=22 extracted=22 missing=0
prefix=rm wanted=22 extracted=22 missing=0
prefix=rn wanted=12 extracted=12 missing=0
prefix=rk wanted=40 extracted=40 missing=0
prefix=rp wanted=28 extracted=28 missing=0
prefix=ro wanted=26 extracted=26 missing=0
prefix=rr wanted=15 extracted=15 missing=0
prefix=rt wanted=20 extracted=20 missing=0
prefix=rh wanted=36 extracted=36 missing=0
prefix=ru wanted=18 extracted=18 missing=0
prefix=rv wanted=20 extracted=20 missing=0
prefix=rs wanted=22 extracted=22 missing=0
prefix=rq wanted=19 extracted=19 missing=0
prefix=ry wanted=27 extracted=27 missing=0
prefix=s0 wanted=20 extracted=20 missing=0
prefix=rx wanted=23 extracted=23 missing=0
prefix=s2 wanted=25 extracted=25 missing=0
prefix=rw wanted=20 extracted=20 missing=0
prefix=s3 wanted=28 extracted=28 missing=0
prefix=s4 wanted=18 extracted=18 missing=0
prefix=s1 wanted=21 extracted=21 missing=0
prefix=rz wanted=20 extracted=20 missing=0
prefix=s8 wanted=16 extracted=16 missing=0
prefix=s5 wanted=22 extracted=22 missing=0
prefix=s9 wanted=20 extracted=20 missing=0
prefix=sa wanted=18 extracted=18 missing=0
prefix=sb wanted=15 extracted=15 missing=0
prefix=sc wanted=22 extracted=22 missing=0
prefix=sd wanted=13 extracted=13 missing=0
prefix=s7 wanted=14 extracted=14 missing=0
prefix=sf wanted=15 extracted=15 missing=0
prefix=s6 wanted=26 extracted=26 missing=0
prefix=se wanted=16 extracted=16 missing=0
prefix=sg wanted=27 extracted=27 missing=0
prefix=sh wanted=21 extracted=21 missing=0
prefix=sj wanted=11 extracted=11 missing=0
prefix=si wanted=16 extracted=16 missing=0
prefix=sk wanted=23 extracted=23 missing=0
prefix=sm wanted=32 extracted=32 missing=0
prefix=sn wanted=16 extracted=16 missing=0
prefix=sl wanted=28 extracted=28 missing=0
prefix=so wanted=5 extracted=5 missing=0
prefix=sr wanted=16 extracted=16 missing=0
prefix=sq wanted=21 extracted=21 missing=0
prefix=sp wanted=13 extracted=13 missing=0
prefix=ss wanted=23 extracted=23 missing=0
prefix=st wanted=17 extracted=17 missing=0
prefix=sw wanted=22 extracted=22 missing=0
prefix=sv wanted=14 extracted=14 missing=0
prefix=sy wanted=21 extracted=21 missing=0
prefix=sz wanted=29 extracted=29 missing=0
prefix=sx wanted=15 extracted=15 missing=0
prefix=t2 wanted=14 extracted=14 missing=0
prefix=t1 wanted=21 extracted=21 missing=0
prefix=t0 wanted=25 extracted=25 missing=0
prefix=t4 wanted=15 extracted=15 missing=0
prefix=su wanted=27 extracted=27 missing=0
prefix=t6 wanted=21 extracted=21 missing=0
prefix=t5 wanted=29 extracted=29 missing=0
prefix=t8 wanted=15 extracted=15 missing=0
prefix=t9 wanted=25 extracted=25 missing=0
prefix=ta wanted=24 extracted=24 missing=0
prefix=tb wanted=23 extracted=23 missing=0
prefix=t3 wanted=24 extracted=24 missing=0
prefix=te wanted=22 extracted=22 missing=0
prefix=tf wanted=20 extracted=20 missing=0
prefix=td wanted=17 extracted=17 missing=0
prefix=tg wanted=25 extracted=25 missing=0
prefix=th wanted=23 extracted=23 missing=0
prefix=ti wanted=12 extracted=12 missing=0
prefix=tj wanted=24 extracted=24 missing=0
prefix=tc wanted=27 extracted=27 missing=0
prefix=t7 wanted=25 extracted=25 missing=0
prefix=tn wanted=14 extracted=14 missing=0
prefix=tm wanted=26 extracted=26 missing=0
prefix=tl wanted=21 extracted=21 missing=0
prefix=tp wanted=23 extracted=23 missing=0
prefix=tq wanted=26 extracted=26 missing=0
prefix=tr wanted=25 extracted=25 missing=0
prefix=tt wanted=24 extracted=24 missing=0
prefix=ts wanted=21 extracted=21 missing=0
prefix=tu wanted=26 extracted=26 missing=0
prefix=tk wanted=23 extracted=23 missing=0
prefix=to wanted=20 extracted=20 missing=0
prefix=ty wanted=19 extracted=19 missing=0
prefix=tw wanted=28 extracted=28 missing=0
prefix=u0 wanted=33 extracted=33 missing=0
prefix=u1 wanted=20 extracted=20 missing=0
prefix=tx wanted=28 extracted=28 missing=0
prefix=u2 wanted=21 extracted=21 missing=0
prefix=u4 wanted=24 extracted=24 missing=0
prefix=u5 wanted=29 extracted=29 missing=0
prefix=tv wanted=20 extracted=20 missing=0
prefix=u7 wanted=30 extracted=30 missing=0
prefix=tz wanted=27 extracted=27 missing=0
prefix=u9 wanted=26 extracted=26 missing=0
prefix=u8 wanted=28 extracted=28 missing=0
prefix=u3 wanted=18 extracted=18 missing=0
prefix=uc wanted=26 extracted=26 missing=0
prefix=ud wanted=19 extracted=19 missing=0
prefix=ue wanted=42 extracted=42 missing=0
prefix=u6 wanted=22 extracted=22 missing=0
prefix=uf wanted=18 extracted=18 missing=0
prefix=ub wanted=30 extracted=30 missing=0
prefix=uh wanted=27 extracted=27 missing=0
prefix=ug wanted=20 extracted=20 missing=0
prefix=uj wanted=19 extracted=19 missing=0
prefix=uk wanted=20 extracted=20 missing=0
prefix=um wanted=29 extracted=29 missing=0
prefix=ul wanted=18 extracted=18 missing=0
prefix=ui wanted=23 extracted=23 missing=0
prefix=un wanted=27 extracted=27 missing=0
prefix=ua wanted=30 extracted=30 missing=0
prefix=uq wanted=18 extracted=18 missing=0
prefix=up wanted=26 extracted=26 missing=0
prefix=us wanted=32 extracted=32 missing=0
prefix=uo wanted=16 extracted=16 missing=0
prefix=uv wanted=23 extracted=23 missing=0
prefix=uw wanted=25 extracted=25 missing=0
prefix=ut wanted=17 extracted=17 missing=0
prefix=uy wanted=29 extracted=29 missing=0
prefix=ux wanted=28 extracted=28 missing=0
prefix=ur wanted=19 extracted=19 missing=0
prefix=uu wanted=23 extracted=23 missing=0
prefix=uz wanted=23 extracted=23 missing=0
prefix=v1 wanted=34 extracted=34 missing=0
prefix=v0 wanted=30 extracted=30 missing=0
prefix=v2 wanted=28 extracted=28 missing=0
prefix=v3 wanted=32 extracted=32 missing=0
prefix=v5 wanted=22 extracted=22 missing=0
prefix=v6 wanted=27 extracted=27 missing=0
prefix=v8 wanted=20 extracted=20 missing=0
prefix=v7 wanted=24 extracted=24 missing=0
prefix=v9 wanted=32 extracted=32 missing=0
prefix=vb wanted=28 extracted=28 missing=0
prefix=vc wanted=33 extracted=33 missing=0
prefix=v4 wanted=31 extracted=31 missing=0
prefix=va wanted=21 extracted=21 missing=0
prefix=ve wanted=33 extracted=33 missing=0
prefix=vh wanted=20 extracted=20 missing=0
prefix=vi wanted=22 extracted=22 missing=0
prefix=vd wanted=25 extracted=25 missing=0
prefix=vj wanted=28 extracted=28 missing=0
prefix=vk wanted=21 extracted=21 missing=0
prefix=vm wanted=26 extracted=26 missing=0
prefix=vf wanted=32 extracted=32 missing=0
prefix=vl wanted=31 extracted=31 missing=0
prefix=vn wanted=24 extracted=24 missing=0
prefix=vo wanted=22 extracted=22 missing=0
prefix=vp wanted=49 extracted=49 missing=0
prefix=vs wanted=25 extracted=25 missing=0
prefix=vr wanted=34 extracted=34 missing=0
prefix=vt wanted=17 extracted=17 missing=0
prefix=vu wanted=25 extracted=25 missing=0
prefix=vg wanted=32 extracted=32 missing=0
prefix=vq wanted=26 extracted=26 missing=0
prefix=vv wanted=21 extracted=21 missing=0
prefix=vx wanted=17 extracted=17 missing=0
prefix=vy wanted=22 extracted=22 missing=0
prefix=vz wanted=34 extracted=34 missing=0
prefix=w2 wanted=29 extracted=29 missing=0
prefix=vw wanted=27 extracted=27 missing=0
prefix=w3 wanted=22 extracted=22 missing=0
prefix=w4 wanted=21 extracted=21 missing=0
prefix=w5 wanted=31 extracted=31 missing=0
prefix=w1 wanted=36 extracted=36 missing=0
prefix=w7 wanted=27 extracted=27 missing=0
prefix=w9 wanted=26 extracted=26 missing=0
prefix=w0 wanted=26 extracted=26 missing=0
prefix=wa wanted=38 extracted=38 missing=0
prefix=wb wanted=39 extracted=39 missing=0
prefix=wd wanted=23 extracted=23 missing=0
prefix=wc wanted=30 extracted=30 missing=0
prefix=w8 wanted=26 extracted=26 missing=0
prefix=w6 wanted=32 extracted=32 missing=0
prefix=wh wanted=25 extracted=25 missing=0
prefix=wf wanted=23 extracted=23 missing=0
prefix=we wanted=29 extracted=29 missing=0
prefix=wi wanted=23 extracted=23 missing=0
prefix=wj wanted=28 extracted=28 missing=0
prefix=wl wanted=25 extracted=25 missing=0
prefix=wk wanted=24 extracted=24 missing=0
prefix=wn wanted=36 extracted=36 missing=0
prefix=wg wanted=24 extracted=24 missing=0
prefix=wm wanted=34 extracted=34 missing=0
prefix=wr wanted=30 extracted=30 missing=0
prefix=ws wanted=26 extracted=26 missing=0
prefix=wp wanted=26 extracted=26 missing=0
prefix=wo wanted=26 extracted=26 missing=0
prefix=wq wanted=29 extracted=29 missing=0
prefix=ww wanted=40 extracted=40 missing=0
prefix=wu wanted=21 extracted=21 missing=0
prefix=wx wanted=20 extracted=20 missing=0
prefix=wz wanted=20 extracted=20 missing=0
prefix=x0 wanted=26 extracted=26 missing=0
prefix=x1 wanted=25 extracted=25 missing=0
prefix=wt wanted=34 extracted=34 missing=0
prefix=wv wanted=33 extracted=33 missing=0
prefix=x3 wanted=19 extracted=19 missing=0
prefix=x5 wanted=18 extracted=18 missing=0
prefix=x6 wanted=18 extracted=18 missing=0
prefix=wy wanted=38 extracted=38 missing=0
prefix=x2 wanted=28 extracted=28 missing=0
prefix=x7 wanted=30 extracted=30 missing=0
prefix=x8 wanted=16 extracted=16 missing=0
prefix=x9 wanted=18 extracted=18 missing=0
prefix=xb wanted=30 extracted=30 missing=0
prefix=x4 wanted=23 extracted=23 missing=0
prefix=xc wanted=28 extracted=28 missing=0
prefix=xe wanted=21 extracted=21 missing=0
prefix=xf wanted=25 extracted=25 missing=0
prefix=xg wanted=28 extracted=28 missing=0
prefix=xa wanted=10 extracted=10 missing=0
prefix=xd wanted=30 extracted=30 missing=0
prefix=xh wanted=20 extracted=20 missing=0
prefix=xj wanted=25 extracted=25 missing=0
prefix=xk wanted=23 extracted=23 missing=0
prefix=xl wanted=29 extracted=29 missing=0
prefix=xo wanted=23 extracted=23 missing=0
prefix=xm wanted=26 extracted=26 missing=0
prefix=xi wanted=26 extracted=26 missing=0
prefix=xq wanted=22 extracted=22 missing=0
prefix=xp wanted=24 extracted=24 missing=0
prefix=xr wanted=38 extracted=38 missing=0
prefix=xs wanted=27 extracted=27 missing=0
prefix=xu wanted=23 extracted=23 missing=0
prefix=xt wanted=34 extracted=34 missing=0
prefix=xn wanted=20 extracted=20 missing=0
prefix=xv wanted=25 extracted=25 missing=0
prefix=xz wanted=31 extracted=31 missing=0
prefix=xw wanted=22 extracted=22 missing=0
prefix=y1 wanted=23 extracted=23 missing=0
prefix=y2 wanted=23 extracted=23 missing=0
prefix=y3 wanted=15 extracted=15 missing=0
prefix=xx wanted=38 extracted=38 missing=0
prefix=xy wanted=19 extracted=19 missing=0
prefix=y5 wanted=50 extracted=50 missing=0
prefix=y0 wanted=29 extracted=29 missing=0
prefix=y7 wanted=28 extracted=28 missing=0
prefix=y4 wanted=33 extracted=33 missing=0
prefix=ya wanted=26 extracted=26 missing=0
prefix=y8 wanted=35 extracted=35 missing=0
prefix=yc wanted=47 extracted=47 missing=0
prefix=y9 wanted=36 extracted=36 missing=0
prefix=ye wanted=26 extracted=26 missing=0
prefix=yd wanted=27 extracted=27 missing=0
prefix=yf wanted=21 extracted=21 missing=0
prefix=y6 wanted=31 extracted=31 missing=0
prefix=yh wanted=37 extracted=37 missing=0
prefix=yb wanted=25 extracted=25 missing=0
prefix=yj wanted=31 extracted=31 missing=0
prefix=yk wanted=25 extracted=25 missing=0
prefix=yg wanted=25 extracted=25 missing=0
prefix=yl wanted=34 extracted=34 missing=0
prefix=ym wanted=38 extracted=38 missing=0
prefix=yo wanted=16 extracted=16 missing=0
prefix=yp wanted=20 extracted=20 missing=0
prefix=yn wanted=35 extracted=35 missing=0
prefix=yq wanted=22 extracted=22 missing=0
prefix=yi wanted=31 extracted=31 missing=0
prefix=yt wanted=24 extracted=24 missing=0
prefix=ys wanted=38 extracted=38 missing=0
prefix=yw wanted=35 extracted=35 missing=0
prefix=yr wanted=24 extracted=24 missing=0
prefix=yu wanted=24 extracted=24 missing=0
prefix=yz wanted=17 extracted=17 missing=0
prefix=yy wanted=19 extracted=19 missing=0
prefix=z0 wanted=36 extracted=36 missing=0
prefix=yv wanted=25 extracted=25 missing=0
prefix=z2 wanted=29 extracted=29 missing=0
prefix=z1 wanted=57 extracted=57 missing=0
prefix=z3 wanted=27 extracted=27 missing=0
prefix=z5 wanted=24 extracted=24 missing=0
prefix=z4 wanted=18 extracted=18 missing=0
prefix=yx wanted=31 extracted=31 missing=0
prefix=z7 wanted=32 extracted=32 missing=0
prefix=z8 wanted=32 extracted=32 missing=0
prefix=z9 wanted=32 extracted=32 missing=0
prefix=z6 wanted=28 extracted=28 missing=0
prefix=zd wanted=22 extracted=22 missing=0
prefix=zb wanted=37 extracted=37 missing=0
prefix=ze wanted=43 extracted=43 missing=0
prefix=zf wanted=22 extracted=22 missing=0
prefix=za wanted=25 extracted=25 missing=0
prefix=zh wanted=33 extracted=33 missing=0
prefix=zg wanted=23 extracted=23 missing=0
prefix=zc wanted=25 extracted=25 missing=0
prefix=zk wanted=36 extracted=36 missing=0
prefix=zl wanted=20 extracted=20 missing=0
prefix=zm wanted=56 extracted=56 missing=0
prefix=zi wanted=18 extracted=18 missing=0
prefix=zp wanted=19 extracted=19 missing=0
prefix=zj wanted=42 extracted=42 missing=0
prefix=zq wanted=28 extracted=28 missing=0
prefix=zo wanted=36 extracted=36 missing=0
prefix=zs wanted=16 extracted=16 missing=0
prefix=zn wanted=28 extracted=28 missing=0
prefix=zt wanted=21 extracted=21 missing=0
prefix=zv wanted=22 extracted=22 missing=0
prefix=zu wanted=22 extracted=22 missing=0
prefix=zw wanted=22 extracted=22 missing=0
prefix=zy wanted=28 extracted=28 missing=0
prefix=zr wanted=25 extracted=25 missing=0
prefix=zz wanted=30 extracted=30 missing=0
prefix=zx wanted=35 extracted=35 missing=0
summary={'archives': 962, 'extracted': 23390, 'missing': 175, 'errors': 0}
