chain key=1nr5A status=recovered:2992_atoms
chain key=1nr5B status=recovered:2993_atoms
chain key=1nr6A status=recovered:3697_atoms
chain key=1nr9B status=recovered:1567_atoms
chain key=1nr9C status=recovered:1570_atoms
chain key=1nr9D status=recovered:1577_atoms
chain key=1nrlA status=recovered:2274_atoms
chain key=1nrlB status=recovered:2248_atoms
chain key=1nrrH status=recovered:2014_atoms
chain key=1nrxA status=recovered:2899_atoms
chain key=1nrxB status=recovered:2926_atoms
chain key=2nr4B status=recovered:1442_atoms
chain key=2nr6B status=recovered:2541_atoms
chain key=2nrbA status=recovered:3561_atoms
chain key=2nrdA status=recovered:2636_atoms
chain key=2nrlA status=recovered:1267_atoms
chain key=2nrmA status=recovered:1288_atoms
chain key=2nruA status=recovered:2308_atoms
chain key=2nruB status=recovered:2318_atoms
chain key=2nruC status=recovered:2309_atoms
chain key=2nruD status=recovered:2309_atoms
chain key=2nryA status=recovered:2249_atoms
chain key=2nryB status=recovered:2248_atoms
chain key=2nryC status=recovered:2210_atoms
chain key=2nryD status=recovered:2223_atoms
chain key=3nr1A status=recovered:1425_atoms
chain key=3nr1B status=recovered:1425_atoms
chain key=3nr4A status=recovered:1403_atoms
chain key=3nr4B status=recovered:1361_atoms
chain key=3nr4C status=recovered:1367_atoms
chain key=3nr9A status=recovered:2817_atoms
chain key=3nr9B status=recovered:2779_atoms
chain key=3nr9C status=recovered:2831_atoms
chain key=3nrcA status=recovered:1916_atoms
chain key=3nrcB status=recovered:1916_atoms
chain key=3nrjA status=recovered:1404_atoms
chain key=3nrjB status=recovered:1348_atoms
chain key=3nrjC status=recovered:1353_atoms
chain key=3nrjD status=recovered:1344_atoms
chain key=3nrjE status=recovered:1350_atoms
chain key=3nrjF status=recovered:1341_atoms
chain key=3nrjG status=recovered:1336_atoms
chain key=3nrjH status=recovered:1336_atoms
chain key=3nrjJ status=recovered:1321_atoms
chain key=3nrjK status=recovered:1316_atoms
chain key=3nrjL status=recovered:1329_atoms
chain key=3nrmA status=recovered:2155_atoms
chain key=3nrrA status=recovered:4013_atoms
chain key=3nrrB status=recovered:3991_atoms
chain key=3nrzA status=recovered:1255_atoms
chain key=3nrzB status=recovered:2389_atoms
chain key=3nrzC status=recovered:5832_atoms
chain key=3nrzJ status=recovered:1255_atoms
chain key=3nrzK status=recovered:2389_atoms
chain key=3nrzL status=recovered:5761_atoms
chain key=4nr0A status=recovered:1917_atoms
chain key=4nr0B status=recovered:1917_atoms
chain key=4nr0D status=recovered:1932_atoms
chain key=4nr1A status=recovered:2688_atoms
chain key=4nr4A status=recovered:963_atoms
chain key=4nr4B status=recovered:911_atoms
chain key=4nr5A status=recovered:926_atoms
chain key=4nr6A status=recovered:971_atoms
chain key=4nr7A status=recovered:1023_atoms
chain key=4nr8A status=recovered:1046_atoms
chain key=4nr9A status=recovered:946_atoms
chain key=4nraA status=recovered:954_atoms
chain key=4nrbA status=recovered:933_atoms
chain key=4nrcA status=recovered:951_atoms
chain key=4nrkA status=recovered:2591_atoms
chain key=4nrkE status=recovered:2591_atoms
chain key=4nrlA status=recovered:2600_atoms
chain key=4nrlC status=recovered:2600_atoms
chain key=4nrlE status=recovered:2600_atoms
chain key=4nrnB status=recovered:734_atoms
chain key=4nroA status=recovered:1572_atoms
chain key=4nrpA status=recovered:1664_atoms
chain key=4nrqA status=recovered:1608_atoms
chain key=4nrrB status=recovered:3356_atoms
chain key=4nrsA status=recovered:3383_atoms
chain key=4nrsB status=recovered:3359_atoms
chain key=4nrtA status=recovered:3946_atoms
chain key=4nruA status=recovered:3821_atoms
chain key=4nruB status=recovered:3835_atoms
chain key=4nruC status=recovered:3803_atoms
chain key=4nruD status=recovered:3820_atoms
chain key=4nruE status=recovered:3807_atoms
chain key=4nruF status=recovered:3761_atoms
chain key=5nr2A status=recovered:5363_atoms
chain key=5nr3A status=recovered:1052_atoms
chain key=5nr3B status=recovered:1052_atoms
chain key=5nr7A status=recovered:1369_atoms
chain key=5nr7B status=recovered:1299_atoms
chain key=5nraA status=recovered:3061_atoms
chain key=5nrbA status=recovered:4472_atoms
chain key=5nrbB status=recovered:4363_atoms
chain key=5nrdA status=recovered:4360_atoms
chain key=5nrdB status=recovered:4104_atoms
chain key=5nreA status=recovered:4353_atoms
chain key=5nrfA status=recovered:3113_atoms
chain key=5nrhA status=recovered:2497_atoms
chain key=5nrhB status=recovered:2446_atoms
chain key=5nriB status=recovered:2407_atoms
chain key=5nrkD status=recovered:516_atoms
chain key=5nrmB status=recovered:515_atoms
chain key=5nrnA status=recovered:1412_atoms
chain key=5nroA status=recovered:4572_atoms
chain key=5nrpA status=recovered:1712_atoms
chain key=5nrqA status=recovered:1358_atoms
chain key=5nrqB status=recovered:1314_atoms
chain key=5nrrA status=recovered:1097_atoms
chain key=5nrsA status=recovered:1064_atoms
chain key=5nrsB status=recovered:1064_atoms
chain key=5nruA status=recovered:3007_atoms
chain key=5nrvA status=recovered:1035_atoms
chain key=5nrvD status=recovered:1052_atoms
chain key=5nrwA status=recovered:992_atoms
chain key=5nrxA status=recovered:3012_atoms
chain key=5nryA status=recovered:3012_atoms
chain key=5nrzA status=recovered:3012_atoms
chain key=6nr0A status=recovered:4526_atoms
chain key=6nr0B status=recovered:4594_atoms
chain key=6nr1B status=recovered:2208_atoms
chain key=6nr5A status=recovered:4941_atoms
chain key=6nr6B status=recovered:2048_atoms
chain key=6nrfA status=recovered:1916_atoms
chain key=6nrgA status=recovered:1937_atoms
chain key=6nrhA status=recovered:1966_atoms
chain key=6nriA status=recovered:1906_atoms
chain key=6nrjA status=recovered:1922_atoms
chain key=6nrwB status=recovered:833_atoms
chain key=6nrzB status=recovered:4041_atoms
chain key=7nr1A status=recovered:3750_atoms
chain key=7nr3A status=recovered:2766_atoms
chain key=7nr4A status=recovered:2659_atoms
chain key=7nr4B status=recovered:2687_atoms
chain key=7nr4C status=recovered:2654_atoms
chain key=7nr4D status=recovered:2663_atoms
chain key=7nr5A status=recovered:2809_atoms
chain key=7nr6A status=recovered:1257_atoms
chain key=7nr6B status=recovered:1245_atoms
chain key=7nr7A status=recovered:1844_atoms
chain key=7nr8A status=recovered:2840_atoms
chain key=7nr9A status=recovered:2738_atoms
chain key=7nraAAA status=recovered:2503_atoms
chain key=7nrbA status=recovered:2221_atoms
chain key=7nreA status=recovered:5582_atoms
chain key=7nrfA status=recovered:5568_atoms
chain key=7nrgB status=recovered:2202_atoms
chain key=7nrjAAA status=recovered:3943_atoms
chain key=7nrjBBB status=recovered:3945_atoms
chain key=7nrjCCC status=recovered:3931_atoms
chain key=7nrjDDD status=recovered:3928_atoms
chain key=7nrkA status=recovered:1803_atoms
chain key=7nrlA status=recovered:1849_atoms
chain key=7nroA status=recovered:3260_atoms
chain key=7nrrBBB status=recovered:2449_atoms
chain key=7nrwA status=recovered:2197_atoms
chain key=9nr0A status=recovered:3341_atoms
chain key=9nr0B status=recovered:3208_atoms
chain key=9nr2C status=recovered:2557_atoms
chain key=9nr3B status=recovered:2885_atoms
chain key=9nr5A status=recovered:2537_atoms
chain key=9nr5C status=recovered:2556_atoms
chain key=9nr5E status=recovered:2537_atoms
chain key=9nr6H status=recovered:2232_atoms
chain key=9nrbA status=recovered:2547_atoms
chain key=9nrrC status=recovered:2555_atoms
chain key=9nrsA status=recovered:2548_atoms
chain key=9nrtA status=recovered:2537_atoms
chain key=9nruA status=recovered:2537_atoms
chain key=9nrvA status=recovered:2548_atoms
chain key=9nrvC status=recovered:2556_atoms
chain key=9nrvD status=recovered:1388_atoms
chain key=9nrvE status=recovered:2556_atoms
fetch pdb=1nr5 status=cached
fetch pdb=1nr6 status=cached
fetch pdb=1nr9 status=cached
fetch pdb=1nrl status=cached
fetch pdb=1nrr status=cached
fetch pdb=1nrx status=cached
fetch pdb=2nr4 status=cached
fetch pdb=2nr6 status=cached
fetch pdb=2nrb status=cached
fetch pdb=2nrd status=cached
fetch pdb=2nrl status=cached
fetch pdb=2nrm status=cached
fetch pdb=2nru status=cached
fetch pdb=2nry status=cached
fetch pdb=3nr1 status=cached
fetch pdb=3nr4 status=cached
fetch pdb=3nr9 status=cached
fetch pdb=3nrc status=cached
fetch pdb=3nrj status=cached
fetch pdb=3nrm status=cached
fetch pdb=3nrr status=cached
fetch pdb=3nrz status=cached
fetch pdb=4nr0 status=cached
fetch pdb=4nr1 status=cached
fetch pdb=4nr4 status=cached
fetch pdb=4nr5 status=cached
fetch pdb=4nr6 status=cached
fetch pdb=4nr7 status=cached
fetch pdb=4nr8 status=cached
fetch pdb=4nr9 status=cached
fetch pdb=4nra status=cached
fetch pdb=4nrb status=cached
fetch pdb=4nrc status=cached
fetch pdb=4nrk status=cached
fetch pdb=4nrl status=cached
fetch pdb=4nrn status=cached
fetch pdb=4nro status=cached
fetch pdb=4nrp status=cached
fetch pdb=4nrq status=cached
fetch pdb=4nrr status=cached
fetch pdb=4nrs status=cached
fetch pdb=4nrt status=cached
fetch pdb=4nru status=cached
fetch pdb=5nr2 status=cached
fetch pdb=5nr3 status=cached
fetch pdb=5nr7 status=cached
fetch pdb=5nra status=cached
fetch pdb=5nrb status=cached
fetch pdb=5nrd status=cached
fetch pdb=5nre status=cached
fetch pdb=5nrf status=cached
fetch pdb=5nrh status=cached
fetch pdb=5nri status=cached
fetch pdb=5nrk status=cached
fetch pdb=5nrm status=cached
fetch pdb=5nrn status=cached
fetch pdb=5nro status=cached
fetch pdb=5nrp status=cached
fetch pdb=5nrq status=cached
fetch pdb=5nrr status=cached
fetch pdb=5nrs status=cached
fetch pdb=5nru status=cached
fetch pdb=5nrv status=cached
fetch pdb=5nrw status=cached
fetch pdb=5nrx status=cached
fetch pdb=5nry status=cached
fetch pdb=5nrz status=cached
fetch pdb=6nr0 status=cached
fetch pdb=6nr1 status=cached
fetch pdb=6nr5 status=cached
fetch pdb=6nr6 status=cached
fetch pdb=6nrf status=cached
fetch pdb=6nrg status=cached
fetch pdb=6nrh status=cached
fetch pdb=6nri status=cached
fetch pdb=6nrj status=cached
fetch pdb=6nrw status=cached
fetch pdb=6nrz status=cached
fetch pdb=7nr1 status=cached
fetch pdb=7nr3 status=cached
fetch pdb=7nr4 status=cached
fetch pdb=7nr5 status=cached
fetch pdb=7nr6 status=cached
fetch pdb=7nr7 status=cached
fetch pdb=7nr8 status=cached
fetch pdb=7nr9 status=cached
fetch pdb=7nra status=cached
fetch pdb=7nrb status=cached
fetch pdb=7nre status=cached
fetch pdb=7nrf status=cached
fetch pdb=7nrg status=cached
fetch pdb=7nrj status=cached
fetch pdb=7nrk status=cached
fetch pdb=7nrl status=cached
fetch pdb=7nro status=cached
fetch pdb=7nrr status=cached
fetch pdb=7nrw status=cached
fetch pdb=9nr0 status=cached
fetch pdb=9nr2 status=cached
fetch pdb=9nr3 status=cached
fetch pdb=9nr5 status=cached
fetch pdb=9nr6 status=cached
fetch pdb=9nrb status=cached
fetch pdb=9nrr status=cached
fetch pdb=9nrs status=cached
fetch pdb=9nrt status=cached
fetch pdb=9nru status=cached
fetch pdb=9nrv status=cached
