2026-08-20T14:18:58+08:00 event=start
2026-08-20T14:18:58+08:00 duplicate split=train_pocket_manifest pocket_id=1nr9_A_BS01_MG_A_1
2026-08-20T14:18:58+08:00 duplicate split=train_pocket_manifest pocket_id=1nrg_A_BS01_PO4_A_1
2026-08-20T14:18:58+08:00 duplicate split=train_pocket_manifest pocket_id=1nrg_A_BS02_FMN_A_1
2026-08-20T14:18:58+08:00 duplicate split=train_pocket_manifest pocket_id=1nrg_A_BS03_PLP_A_1
2026-08-20T14:18:58+08:00 duplicate split=train_pocket_manifest pocket_id=1nrj_B_BS01_MG_B_1
2026-08-20T14:18:58+08:00 duplicate split=train_pocket_manifest pocket_id=1nrj_B_BS02_MG_B_2
2026-08-20T14:18:58+08:00 duplicate split=train_pocket_manifest pocket_id=1nrj_B_BS03_GTP_B_1
2026-08-20T14:18:58+08:00 duplicate split=train_pocket_manifest pocket_id=1nrw_A_BS01_CA_A_1
2026-08-20T14:18:58+08:00 duplicate split=train_pocket_manifest pocket_id=2nr4_A_BS01_FMN_A_1
2026-08-20T14:18:58+08:00 duplicate split=train_pocket_manifest pocket_id=2nr6_A_BS01_ZN_A_1
2026-08-20T14:18:59+08:00 duplicate split=train_pocket_manifest pocket_id=3nrj_I_BS01_MG_I_1
2026-08-20T14:18:59+08:00 duplicate split=train_pocket_manifest pocket_id=4nr0_C_BS01_NAD_C_1
2026-08-20T14:18:59+08:00 duplicate split=train_pocket_manifest pocket_id=4nr0_C_BS02_TCL_C_1
2026-08-20T14:18:59+08:00 duplicate split=train_pocket_manifest pocket_id=4nre_A_BS01_FE2_A_1
2026-08-20T14:18:59+08:00 duplicate split=train_pocket_manifest pocket_id=4nre_A_BS02_C8E_A_1
2026-08-20T14:18:59+08:00 duplicate split=train_pocket_manifest pocket_id=4nre_A_BS03_C8E_A_2
2026-08-20T14:18:59+08:00 duplicate split=train_pocket_manifest pocket_id=4nre_A_BS04_CA_A_1
2026-08-20T14:18:59+08:00 duplicate split=train_pocket_manifest pocket_id=4nre_A_BS05_CA_A_2
2026-08-20T14:18:59+08:00 duplicate split=train_pocket_manifest pocket_id=4nrn_A_BS01_ZN_A_1
2026-08-20T14:18:59+08:00 duplicate split=train_pocket_manifest pocket_id=4nrn_A_BS02_ZN_A_2
2026-08-20T14:18:59+08:00 duplicate split=train_pocket_manifest pocket_id=4nrr_A_BS01_FRU_C_1
2026-08-20T14:18:59+08:00 duplicate split=train_pocket_manifest pocket_id=4nrr_A_BS02_BMA_C_1
2026-08-20T14:18:59+08:00 duplicate split=train_pocket_manifest pocket_id=5nr8_A_BS01_95N_A_1
2026-08-20T14:18:59+08:00 duplicate split=train_pocket_manifest pocket_id=5nrg_3_BS02_MN_3_1
2026-08-20T14:18:59+08:00 duplicate split=train_pocket_manifest pocket_id=5nri_A_BS01_AMP_A_1
2026-08-20T14:18:59+08:00 duplicate split=train_pocket_manifest pocket_id=5nri_A_BS02_DAL_A_1
2026-08-20T14:18:59+08:00 duplicate split=train_pocket_manifest pocket_id=5nri_A_BS03_DAL_A_2
2026-08-20T14:18:59+08:00 duplicate split=train_pocket_manifest pocket_id=5nrn_B_BS01_95W_B_1
2026-08-20T14:18:59+08:00 duplicate split=train_pocket_manifest pocket_id=5nrr_B_BS01_96E_B_1
2026-08-20T14:18:59+08:00 duplicate split=train_pocket_manifest pocket_id=6nr6_A_BS01_MG_A_1
2026-08-20T14:18:59+08:00 duplicate split=train_pocket_manifest pocket_id=6nr6_A_BS02_ADP_A_1
2026-08-20T14:18:59+08:00 duplicate split=train_pocket_manifest pocket_id=6nr7_A_BS01_KYG_A_1
2026-08-20T14:18:59+08:00 duplicate split=train_pocket_manifest pocket_id=6nro_A_BS01_CA_A_1
2026-08-20T14:18:59+08:00 duplicate split=train_pocket_manifest pocket_id=6nrz_A_BS01_LYS_A_1
2026-08-20T14:18:59+08:00 duplicate split=train_pocket_manifest pocket_id=6nrz_A_BS02_ADN_A_1
2026-08-20T14:18:59+08:00 duplicate split=train_pocket_manifest pocket_id=7nrr_AAA_BS01_MG_AAA_1
2026-08-20T14:18:59+08:00 duplicate split=train_pocket_manifest pocket_id=7nrr_AAA_BS02_DHC_AAA_1
2026-08-20T14:18:59+08:00 duplicate split=train_pocket_manifest pocket_id=9nr6_G_BS01_CA_G_1
2026-08-20T14:18:59+08:00 duplicate split=train_pocket_manifest pocket_id=9nrc_A_BS01_CA_A_1
2026-08-20T14:18:59+08:00 duplicate split=train_pocket_manifest pocket_id=9nrc_A_BS02_CA_A_2
2026-08-20T14:18:59+08:00 duplicate split=train_pocket_manifest pocket_id=9nrc_A_BS03_CA_A_3
2026-08-20T14:18:59+08:00 duplicate split=train_pocket_manifest pocket_id=9nri_Bb_BS02_ZN_Bb_1
2026-08-20T14:18:59+08:00 duplicate split=train_pocket_manifest pocket_id=9nri_Bc_BS02_ZN_Bc_1
2026-08-20T14:18:59+08:00 duplicate split=train_pocket_manifest pocket_id=9nri_Be_BS02_ZN_Be_1
2026-08-20T14:18:59+08:00 duplicate split=train_pocket_manifest pocket_id=9nri_BV_BS02_ZN_BV_1
2026-08-20T14:19:00+08:00 split=train input=data/processed/pocket_manifests/train_pocket_manifest.tsv output=data/processed/pocket_manifests/train_pocket_manifest_dedup.tsv counts={'rows_in': 47839, 'duplicates_removed': 45, 'rows_out': 47794}
2026-08-20T14:19:01+08:00 duplicate split=val_pocket_manifest pocket_id=6nr1_A_BS01_VCA_A_1
2026-08-20T14:19:01+08:00 duplicate split=val_pocket_manifest pocket_id=7nra_BBB_BS01_HCI_BBB_1
2026-08-20T14:19:01+08:00 split=val input=data/processed/pocket_manifests/val_pocket_manifest.tsv output=data/processed/pocket_manifests/val_pocket_manifest_dedup.tsv counts={'rows_in': 4893, 'duplicates_removed': 2, 'rows_out': 4891}
2026-08-20T14:19:01+08:00 duplicate split=test_biolip_pocket_manifest pocket_id=2nr9_A_BS01_PA6_A_1
2026-08-20T14:19:01+08:00 duplicate split=test_biolip_pocket_manifest pocket_id=2nr9_A_BS02_PQE_A_1
2026-08-20T14:19:01+08:00 duplicate split=test_biolip_pocket_manifest pocket_id=2nr9_A_BS03_PQE_A_2
2026-08-20T14:19:01+08:00 duplicate split=test_biolip_pocket_manifest pocket_id=3nrn_A_BS01_AMP_A_1
2026-08-20T14:19:01+08:00 duplicate split=test_biolip_pocket_manifest pocket_id=4nrk_C_BS01_SIA_P_1
2026-08-20T14:19:01+08:00 duplicate split=test_biolip_pocket_manifest pocket_id=5nrk_B_BS01_CA_B_1
2026-08-20T14:19:01+08:00 duplicate split=test_biolip_pocket_manifest pocket_id=5nrk_B_BS02_CA_B_2
2026-08-20T14:19:01+08:00 duplicate split=test_biolip_pocket_manifest pocket_id=5nrk_B_BS03_CA_B_3
2026-08-20T14:19:01+08:00 duplicate split=test_biolip_pocket_manifest pocket_id=6nrq_B_BS01_FUC_F_1
2026-08-20T14:19:01+08:00 split=test input=data/processed/pocket_manifests/test_biolip_pocket_manifest.tsv output=data/processed/pocket_manifests/test_biolip_pocket_manifest_dedup.tsv counts={'rows_in': 5618, 'duplicates_removed': 9, 'rows_out': 5609}
2026-08-20T14:19:01+08:00 event=summary counts={'rows_in': 58350, 'duplicates_removed': 56, 'rows_out': 58294}
